
==================== LightGCN (2026-05-30 01:03:53) ====================
{
    "RMSE": 1.8601562052970748,
    "MAE": 1.4847718279281357,
    "Precision_10": 0.22081125827814574,
    "Recall_10": 0.14574244344412327,
    "F1_10": 0.14352671769156325,
    "HitRate_10": 0.7642384105960265,
    "NDCG_10": 0.27076908025763197,
    "MAP_10": 0.16105315285453156,
    "MRR": 0.4892734941658783,
    "n_eval_users": 6040,
    "Coverage_10": 0.18159740960604426,
    "unique_recommended": 673
}

==================== Hybrid Model (2026-05-30 01:15:10) ====================
{
    "MSE": 14.011879109409406,
    "RMSE": 3.7432444629504773,
    "MAE": 3.3058245182037354,
    "Precision_10": 0.2273,
    "Recall_10": 0.14992032889841003,
    "F1_10": 0.14863186736217596,
    "HitRate_10": 0.776,
    "NDCG_10": 0.2775892594723433,
    "MAP_10": 0.16542626181027964,
    "MRR": 0.4928746031746032,
    "n_eval_users": 1000,
    "Coverage_10": 0.15704263356718834,
    "unique_recommended": 582
}
